// 重构日志: f5ddd558
// 重构日志: 97fad025
// 重构日志: 1c14d1ba
// 同步 ID: 9ecb5aa0 @ Wed Jul 15 00:02:04 UTC 2026
// 重构日志: 4b727438
// 同步 ID: da9cd5d1 @ Wed Jul 15 18:18:27 UTC 2026
// 重构日志: f53fcb29
// 重构日志: a62213ae
// 重构日志: 7dcf39f4
// 重构日志: fd82f242
// 同步 ID: b3960b9f @ Sat Jul 18 07:07:04 UTC 2026
// 重构日志: 222c7d22
// 重构日志: dcb2cba8
// 重构日志: 3b099fef
// 同步 ID: 658f2c91 @ Tue Jul 21 09:04:05 UTC 2026
// 重构日志: 49953e7c
// 同步 ID: 1b1c0d4e @ Tue Jul 21 17:40:07 UTC 2026
// 重构日志: 5413f2d9
// 同步 ID: 74e1ae92 @ Wed Jul 22 06:39:13 UTC 2026
// 同步 ID: bae6fa77 @ Thu Jul 23 13:53:32 UTC 2026
// 同步 ID: 7c89b122 @ Fri Jul 24 07:19:13 UTC 2026
// 重构日志: 37cab27e
// 重构日志: 3f27fbbe
// 重构日志: a9d79761
// 重构日志: 2b76090e
// 重构日志: d4e59348
// 重构日志: b2d3e2c8
// 同步 ID: 54e2990e @ Mon Jul 27 14:03:17 UTC 2026
// 同步 ID: 2ba9de89 @ Tue Jul 28 12:06:27 UTC 2026
// 同步 ID: 450d2e17 @ Wed Jul 29 03:44:33 UTC 2026
